[36mvite v6.4.1 [32mbuilding for production...[36m[39m
transforming...
[32m鉁?[39m 387 modules transformed.
鉁?[39m Build failed in 1.28s
error during build:
Could not resolve "../config/routes" from "src/components/Layout/ProLayout.tsx"
file: D:/code/qoder/bao-class/frontend/src/components/Layout/ProLayout.tsx
    at getRollupError (file:///D:/code/qoder/bao-class/node_modules/rollup/dist/es/shared/parseAst.js:401:41)
    at error (file:///D:/code/qoder/bao-class/node_modules/rollup/dist/es/shared/parseAst.js:397:42)
    at ModuleLoader.handleInvalidResolvedId (file:///D:/code/qoder/bao-class/node_modules/rollup/dist/es/shared/node-entry.js:21633:24)
    at file:///D:/code/qoder/bao-class/node_modules/rollup/dist/es/shared/node-entry.js:21593:26
