1. 鐧诲綍涓?..
鉁?鐧诲綍鎴愬姛锛屽凡鑾峰彇 token

2. 涓哄鐢?ID 91 鐢熸垚璇勮...

=== AI 鍝嶅簲 ===
{
  "success": false,
  "comment": "璇勮鐢熸垚澶辫触锛岃閲嶈瘯銆?,
  "cached": false,
  "metadata": {
    "student_name": "鍞愯坊娲?,
    "avg_score": "60.0",
    "trend": "鏄捐憲閫€姝?,
    "strong_subjects": "鏁板銆佽鏂?,
    "weak_subjects": "璇枃銆佽嫳璇?
  }
}

鉁?娴嬭瘯澶辫触: success 鏍囧織涓?false
